// Jest Snapshot v1, https://goo.gl/fbAQLP

exports[`snapshot test for Title 1`] = `
<div>
  <h1
    id="app-title"
  >
    hello random!
  </h1>
</div>
`;
