// Jest Snapshot v1, https://goo.gl/fbAQLP

exports[`snapshot test for NameList 1`] = `
<div>
  <ul>
    <li
      id="winner"
    >
      name1
    </li>
    <li
      id=""
    >
      name2
    </li>
  </ul>
</div>
`;
